// license:BSD-3-Clause
// copyright-holders:Aaron Giles
/******************************************************************************

    nl.lst

    List of all drivers using netlist code. This file is parsed by then
    genie build system.

******************************************************************************/

/* Use CPUs */

@source:1942.cpp
1942                            // 12/1984 (c) 1984
1942a                           // 12/1984 (c) 1984
1942abl                         // bootleg
1942b                           // 12/1984 (c) 1984
1942w                           // 12/1984 (c) 1984 + Williams Electronics license (c) 1985
1942p                           // prototype
1942h                           // hack (Two Bit Score?)

/* FIXME: games commented out complain about being a clone of a game not in the driver */

@source:cinemat.cpp
armora                          // (c) 1980
armorap                         // (c) 1980
armorar                         // (c) 1980 Cinematronics (Rock-ola license)
barrier                         // (c) 1979 Vectorbeam
boxingb                         // (c) 1981
demon                           // (c) 1982 Rock-ola
qb3                             // (c) 1982 Rock-ola - prototype
ripoff                          // (c) 1980
solarq                          // (c) 1981
spaceftr                        // (c) 1981 Zaccaria
spaceshp                        // (c) 1978 Cinematronics (Sega licence)
spacewar                        // (c) 1977
speedfrk                        // (c) 1979 Vectorbeam
starcas                         // (c) 1980
starcas1                        // (c) 1980
starcasc                        // (c) 1980
starcase                        // (c) 1980 Cinematronics (Mottoeis license)
starcasp                        // (c) 1980 prototype
starhawk                        // (c) 1979
stellcas                        // bootleg
sundance                        // (c) 1979
tailg                           // (c) 1979
warrior                         // (c) 1979 Vectorbeam
wotw                            // (c) 1981
wotwc                           // (c) 1981

@source:carpolo.cpp
carpolo                         // (c) 1977

@source:starfire.cpp
fireone                         // (c) 1979 Exidy
starfir2                        // (c) 1979 Exidy
starfire                        // Exidy [1979?]
starfirea                       // Exidy [1979?]

@source:flyball.cpp
flyball

@source:galaxian.cpp
600                             // GX353 (c) 1981 Konami
amidar                          // GX337 (c) 1982 Konami
amidar1                         // GX337 (c) 1981 Konami
amidarb                         // bootleg
amidaro                         // GX337 (c) 1982 Konami + Olympia license
amidars                         // GX337 (c) 1982 Konami
amidaru                         // GX337 (c) 1982 Konami + Stern license
amigo                           // bootleg
amigo2                          // bootleg
anteater                        // (c) 1982 Tago
anteaterg                       // (c) 1983 TV-Tuning (F.E.G. license)
anteatergg                      // bootleg
anteateruk                      // (c) 1983 Free Enterprise Games
aracnis                         // bootleg
armorcar                        // (c) 1981 Stern
armorcar2                       // (c) 1981 Stern
asideral                        // bootleg
astrians                        //
atlantis                        // (c) 1981 Comsoft
atlantis2                       // (c) 1981 Comsoft
atlantisb                       // bootleg
azurian                         // (c) 1982 Rait Electronics Ltd
//batman2                         // bootleg
blkhole                         // TDS (Tokyo Denshi Sekkei) & MINTS
bomber                          //
calipso                         // (c) 1982 Tago
catacomb                        // 1982 MTM Games
checkman                        // (c) 1982 Zilec-Zenitone
checkmanj                       // (c) 1982 Jaleco (Zenitone/Zilec in ROM CM4, and the programmer names)
chewing                         // ?? unknown
//devilfsg                        // (c) 1984 Vision / Artic (bootleg?)
dingo                           // (c) 1983 Ashby Computers and Graphics LTD. + Jaleco license
dingoe                          // (c) 1983 Ashby Computers and Graphics LTD. + Jaleco license
eagle                           // [1980] Centuri
eagle2                          // [1980] Centuri
eagle3                          // [1980] Centuri
exodus                          // Subelectro - bootleg?
explorer                        // bootleg
fantastc                        // (c) Taito (Brazil) - rewrite of Galaga
fantazia                        // bootleg
frogf                           // bootleg
frogg                           // bootleg
frogger                         // GX392 (c) 1981 Konami
froggeram                       // bootleg
froggermc                       // 800-3110 (c) 1981 Sega
froggers                        // bootleg
froggers1                       // (c) 1981 Sega
froggers2                       // 834-0068 (c) 1981 Sega
froggers3                       //
froggrs                         //
froggervd                       // Video Dens
fourplay                        // multigame
galap1                          // hack
galap4                          // hack
galapx                          // hack
galaxbsf                        // hack
galaxbsf2                       // bootleg
galaxian                        // (c) Namco
galaxiana                       // (c) Namco
galaxianbl                      // bootleg
galaxianbl2                     // bootleg
galaxiani                       // (c) Irem
galaxianm                       // (c) Midway
galaxianmo                      // (c) Midway
galaxiant                       // (c) Taito
galaxrcgg                       // bootleg (Recreativos Covadonga)
galaxrf                         // bootleg (Recreativos Franco)
galaxrfgg                       // bootleg (Recreativos Franco)
galemp                          // (c) Taito do Brasil
galturbo                        // hack
//ghostmun                        //
gmgalax                         // bootleg
gteikoku                        // (c) Irem
gteikokub                       // bootleg
gteikokub2                      // bootleg
gteikokub3                      // bootleg (Honly Enterprises)
jumpbug                         // (c) 1981 Rock-ola
jumpbugb                        // (c) 1981 Sega
//jungsub                         // bootleg
kamakazi3                       // Video Games (UK) Ltd., hack or bootleg?
kamikazp                        // bootleg (Potomac Games)
kingball                        // (c) 1980 Namco
kingballj                       // (c) 1980 Namco
kong                            // (c) Taito (Brazil) - rewrite of Donkey Kong
//ladybugg                        // bootleg
levers                          // (c) 1983 Rock-ola
losttomb                        // (c) 1982 Stern
losttombh                       // (c) 1982 Stern
luctoday                        // 1980 Sigma
mandinga                        // bootleg (Artemi)
mandingaeg                      // bootleg (Electrogame)
mandingarf                      // bootleg (Recreativos Franco S.A.)
mandingac                       // bootleg (Centromatic)
mltiwars                        // bootleg (Gayton Games)
monsterz                        // (c) 1982 Nihon (Arcade TV Game List - P.102, Left, 20 from top)
moonal2                         // [1980] Nichibutsu
moonal2b                        // [1980] Nichibutsu
moonaln                         // [Nichibutsu] (Karateco license) or hack
mooncmw                         // bootleg
mooncptc                        // bootleg (Petaco S.A.)
mooncreg                        // bootleg
mooncrgx                        // bootleg
mooncrs2                        // bootleg
mooncrs3                        // bootleg
mooncrs4                        // bootleg
mooncrs5                        // bootleg
mooncrsb                        // bootleg
mooncrsl                        // bootleg (Laguna S.A.)
mooncrst                        // (c) 1980 Nichibutsu
mooncrstg                       // (c) 1980 Gremlin
mooncrstso                      // (c) 1980 SegaSA / Sonic
mooncrsto                       // (c) 1980 Nichibutsu
mooncrstu                       // (c) 1980 Nichibutsu USA
mooncrstuk                      // (c) 1980 Nichibutsu UK
mooncrstuku                     // (c) 1980 Nichibutsu UK
moonqsr                         // (c) 1980 Nichibutsu
moonwar                         // (c) 1981 Stern
moonwara                        // (c) 1981 Stern
mshuttle                        // (c) 1981 Nichibutsu
mshuttle2                       // (c) 1981 Nichibutsu
mshuttlea                       // (c) 1981 Nichibutsu
mshuttlej                       // (c) 1981 Nichibutsu
mshuttlej2                      // (c) 1981 Nichibutsu
ncentury                        // bootleg (Petaco S.A.)
offensiv                        // bootleg (Video Dens)
omegab                          // bootleg
omni                            // bootleg
orbitron                        // (c) 1982 Signatron USA (Arcade Tv Game List - P.160, Left, 22 from top)
//pacmanbl                        // bootleg
//pacmanbla                       // bootleg
//pacmanblb                       // bootleg
//pacmanblv                       // bootleg (Video Dens)
pajaroes                        // bootleg
//phoenxp2                        // bootleg
pisces                          // Subelectro
piscesb                         // bootleg
quaak                           // bootleg
redufo                          // (c) Artic
redufob                         // bootleg
redufob2                        // bootleg
scobra                          // GX316 (c) 1981 Konami
scobrab                         // GX316 (c) 1981 Karateco (bootleg?)
scobrae                         // GX316 (c) 1981 Stern
scobrae2                        //
scobrag                         // AVG by Zaccaria (bootleg?)
scobraggi                       // bootleg (Cocamatic)
scobras                         // GX316 (c) 1981 Stern
scobrase                        // GX316 (c) 1981 Sega
scorpion                        // (c) 1982 Zaccaria
scorpiona                       // (c) 1982 Zaccaria
scorpionb                       // (c) 1982 Zaccaria
scorpionmc                      // bootleg
scramble                        // GX387 (c) 1981 Konami
scramblebb                      // bootleg?
kamikazesp                      // bootleg (Euromatic S.A.)
scramblebf                      // bootleg
scrambles                       // GX387 (c) 1981 Stern
scrambles2                      // GX387 (c) 1981 Stern
scrambp                         // bootleg (Billport S.A.)
scramce                         // bootleg (Centromatic S.A.)
scrammr                         // bootleg (Model Racing)
scrampt                         // bootleg (Petaco S.A.)
scramrf                         // bootleg (Recreativos Franco)
sfx                             // (c) 1983 Nichibutsu
skelagon                        // (c) 1983 Nichibutsu USA
skybase                         // (c) 1982 Omori Electric Co., Ltd.
skyraidr                        // bootleg
smooncrs                        // Gremlin
spacbat2                        // bootleg
spacbatt                        // bootleg
spacempr                        // bootleg
spactrai                        //
spcdrag                         // bootleg
spcdraga                        // bootleg
spctbird                        // (c) Fortrek
spdcoin                         // (c) 1984 Stern
sstarcrs                        // Taito (Brazil)
starfght                        // hack
starfgmc                        // bootleg
stera                           // bootleg
streakng                        // [1980] Shoei
streaknga                       // [1980] Shoei
strfbomb                        // bootleg
superbon                        // bootleg
superg                          // hack
supergs                         // Silver Systems hack
supergx                         // [1980] Nichibutsu
suprheli                        // bootleg
swarm                           // hack
tazmania                        // (c) 1982 Stern
tdpgal                          // 1983 Design Labs / Thomas Automatics
tenspot                         // (c) 1982 Thomas Automatics
theend                          // (c) 1980 Konami
takeoff                         // (c) 1980 Sidam (bootleg)
theends                         // (c) 1980 Stern
//thepitm                         // bootleg
timefgtr                        // (c) Taito (Brazil) - rewrite of Time Pilot
tst_galx                        // Galaxian Test ROM
turpin                          // (c) 1981 Sega
turpins                         // (c) 1981 bootleg
turtles                         // (c) 1981 Stern
uniwars                         // (c) Irem
uniwarsa                        // (c) Karateco
victoryc                        // (c) Comsoft
victorycb                       // (c) Comsoft (bootleg)
videight                        // multigame
warofbug                        // (c) 1981 Armenia
warofbugg                       // German Version
warofbugu                       // (c) 1981 Armenia
zerotime                        // hack (Petaco S.A.)
zerotimed                       // hack (Datamat)
zerotimemc                      // hack (Marti Colls)
zigzagb                         // (c) 1982 LAX (bootleg)
zigzagb2                        // (c) 1982 LAX (bootleg)

@source:gamemachine.cpp
gamemach                        //

@source:hazeltin.cpp
hazl1500                        // Hazeltine 1500 (c) 1977

@source:m62.cpp                 // m62.cpp
battroad                        // (c) 1984
horizon                         // (c) 1985
kidniki                         // (c) 1986 + Data East USA license
kidnikiu                        // (c) 1986 + Data East USA license
kungfub                         // bootleg
kungfub2                        // bootleg
kungfum                         // (c) 1984
kungfumd                        // (c) 1984 + Data East license
ldrun                           // (c) 1984 licensed from Broderbund
ldrun2                          // (c) 1984 licensed from Broderbund
ldrun3                          // (c) 1985 licensed from Broderbund
ldrun3j                         // (c) 1985 licensed from Broderbund
ldrun4                          // (c) 1986 licensed from Broderbund
ldruna                          // (c) 1984 licensed from Broderbund
lithero                         // bootleg
lotlot                          // (c) 1985 licensed from Tokuma Shoten
spartanx                        // (c) 1984 (Japan)
spelunk2                        // (c) 1986 licensed from Broderbund
spelunkr                        // (c) 1985 licensed from Broderbund
spelunkrj                       // (c) 1985 licensed from Broderbund
yanchamr                        // (c) 1986 (Japan)
youjyudn                        // (c) 1986 (Japan)

@source:mario.cpp
mario                           // (c) 1983 Nintendo of America
mariof                          // (c) 1983 Nintendo of America
marioe                          // (c) 1983 Nintendo of America
marioj                          // (c) 1983 Nintendo
masao                           // bootleg

@source:mw8080bw.cpp
gunfight                        // 597 [1975] Dave Nutting Associates / Midway
gunfighto                       // 597 [1975] Dave Nutting Associates / Midway
280zzzap                        // 610 [1976] Dave Nutting Associates / Midway
lagunar                         // 622 [1977] Midway

@source:palestra.cpp
palestra

@source:popeye.cpp
skyskipr
popeye                          // (c) 1982
popeyeu                         // (c) 1982
popeyef                         // (c) 1982
popeyebl                        // bootleg
popeyeb2                        // bootleg
popeyeb3                        // bootleg
popeyej
popeyejo
popeyehs

@source:segag80r.cpp
005                             // (c) 1981
astrob                          // (c) 1981
astrob1                         // (c) 1981
astrob2                         // (c) 1981
astrob2a                        // (c) 1981
astrob2b                        // (c) 1981
astrobg                         // (c) 1981
monsterb                        // (c) 1982
monsterb2                       // (c) 1982
pignewt                         // (c) 1983
pignewta                        // (c) 1983
sindbadm                        // 834-5244 (c) 1983 Sega
spaceod                         // (c) 1981
spaceod2                        // (c) 1981

@source:segag80v.cpp
elim2                           // (c) 1981 Gremlin
elim2a                          // (c) 1981 Gremlin
elim2c                          // (c) 1981 Gremlin
elim4                           // (c) 1981 Gremlin
elim4p                          // (c) 1981 Gremlin
spacfury                        // (c) 1981
spacfurya                       // no copyright notice
spacfuryb                       // no copyright notice
startrek                        // (c) 1982
tacscan                         // (c) 1982
zektor                          // (c) 1982

@source:vicdual.cpp
brdrlinb                        // Karateco bootleg
brdrline                        // (c) 1980 Sega
brdrlinet                       // (c) 1981 Sega
brdrlins                        // Sidam bootleg
starrkr                         // (c) 1981 Sega
tranqgun                        // 413-428 (c) 1980 Sega
frogs                           // 112-119 [1978 Gremlin?]

@source:zaxxon.cpp
congo                           // 605-5167 (c) 1983 (2 board stack)
congoa                          // 605-5167 (c) 1983 (3 board stack)
futspy                          // (c) 1984
ixion                           // (c) 1983
razmataz                        // modified 834-0213, 834-0214 (c) 1983
szaxxon                         // (c) 1982
tiptop                          // 605-5167 (c) 1983 (3 board stack)
zaxxon                          // (c) 1982
zaxxon2                         // (c) 1982
zaxxon3                         // (c) 1982
zaxxonb                         // bootleg
zaxxonj                         // (c) 1982

@source:segas16b.cpp
aceattac                        // (c) 1988 (FD1094)
//afightere
//afighterf
//afighterg
//afighterh
aliensyn                        // (c) 1987 (Unprotected)
aliensyn3                       // (c) 1987 (FD1089A)
aliensyn7                       // (c) 1987 (MC-8123B)
aliensynj                       // (c) 1987 (FD1089A)
altbeast                        // (c) 1988 (8751)
altbeast2                       // (c) 1988 (MC-8123B)
altbeast4                       // (c) 1988 (MC-8123B)
altbeast5                       // (c) 1988 (FD1094)
altbeast5d                      //
altbeast6                       // (c) 1988 (8751)
altbeastj                       // (c) 1988 (8751)
altbeastj1                      // (c) 1988 (protected)
altbeastj3                      // (c) 1988 (FD1094)
altbeastj3d                     //
atomicp                         // (c) 1990 Philko - korean clone board
aurail                          // (c) 1990 Sega / Westone
aurail1                         // (c) 1990 Sega / Westone (FD1089B)
aurail1d                        //
aurailj                         // (C) 1990 Sega / Westone (FD1089A)
aurailjd                        //
bayroute                        // (c) 1989 Sunsoft / Sega (FD1094)
bayroute1                       // (c) 1989 Sunsoft / Sega (Unprotected)
bayrouted                       //
bayroutej                       // (c) 1989 Sunsoft / Sega (FD1094)
bayroutejd                      //
bullet                          // (c) 1987 (FD1094)
bulletd                         //
cencourt                        // (c) 1988 (MC-8123B)
cotton                          // (c) 1990 (FD1094)
cottond                         //
cottonj                         // (c) 1990 (FD1094)
cottonja                        // (c) 1990 (FD1094)
cottonjad                       //
cottonjd                        //
cottonu                         // (c) 1990 (FD1094)
cottonud                        //
ddux                            // (c) 1989 (FD1094)
ddux1                           // (c) 1989 (8751)
dduxd                           //
dduxj                           // (c) 1989 (FD1094)
dduxjd                          //
//defense                         // (c) 1987 (FD1094)
dfjail                          //
dunkshot                        // (c) 1986 (FD1089A)
dunkshota                       // (c) 1986 (FD1089A)
dunkshoto                       // (c) 1986 (FD1089A)
eswat                           // (c) 1989 (FD1094)
eswatd                          //
eswatj                          // (c) 1989 (FD1094)
eswatj1                         // (c) 1989 (FD1094)
eswatj1d                        //
eswatjd                         //
eswatu                          // (c) 1989 (FD1094)
eswatud                         //
exctleag                        // (c) 1988 (FD1094)
exctleagd                       //
fantzn2x                        // (c) 2008 Sega / M2
fantzn2xp                       // (c) 2008 Sega / M2
//fantzoneta                      // (c) 2008 Sega / M2 (bootleg conversion)
fpoint                          // (c) 1989 (Japan, FD1094)
fpoint1                         // (c) 1989 (Japan, FD1094)
fpoint1d                        //
fpointbj                        // (c) 1989 (Datsu bootleg, Japan)
fpointbl                        // (c) 1989 (Datsu bootleg)
fpointbla                       //
fpointd                         //
goldnaxe                        // (c) 1989 (8751)
goldnaxe1                       // (c) 1989 (FD1094)
goldnaxe1d                      //
goldnaxe2                       // (c) 1989 (8751)
goldnaxe3                       // (c) 1989 (FD1094)
goldnaxe3d                      //
goldnaxej                       // (c) 1989 (FD1094)
goldnaxejd                      //
goldnaxeu                       // (c) 1989 (FD1094)
goldnaxeud                      //
hwchamp                         // (c) 1987 (Unprotected)
hwchampj                        // (c) 1987 (FD1094)
hwchampjd                       //
isgsm                           //
lockonph                        //
mvp                             // (c) 1989 (FD1094)
mvpd                            //
mvpj                            // (c) 1989 (FD1094)
mvpjd                           //
passsht                         // (c) 1988 (FD1094)
passshta                        // (c) 1988 (FD1094)
passshtad                       //
passshtd                        //
passshtj                        // (c) 1988 (FD1094)
passshtjd                       //
riotcity                        // (c) 1991 Sega / Westone (Unprotected)
ryukyu                          // (c) 1990 (FD1094)
ryukyua                         // (c) 1990 (FD1094)
ryukyud                         //
//sdib                            // (c) 1987 (FD1089A)
//sdibl                           // (c) 1987 bootleg
//sdibl2                          // bootleg
//sdibl3                          // bootleg
//sdibl4                          // bootleg
//sdibl5                          // bootleg
//sdibl6                          // bootleg
shinfz                          //
//shinobi2                        // (c) 1987 (FD1094)
//shinobi2d                       //
//shinobi3                        // (c) 1987 (MC-8123B)
//shinobi4                        // (c) 1987 (MC-8123B)
//shinobi5                        // (c) 1987 (Unprotected)
//shinobi6                        // (c) 1987 (Unprotected)
sjryuko                         // (c) 1988 White Board (FD1094)
snapper                         // (c) 1990 Philko - korean clone board
sonicbom                        // (c) 1987 (FD1094)
sonicbomd                       //
suprleag                        // (c) 1987 (FD1094)
tetrbx                          //
//tetris1                         // (c) 1988 (FD1094) S16B
//tetris1d                        //
//tetris2                         // (c) 1988 (FD1094) S16B
//tetris2d                        //
timescan                        // (c) 1987 (Unprotected)
toryumon                        // (c) 1995 (Unprotected)
tturf                           // (c) 1989 Sega / Sunsoft (8751)
tturfu                          // (c) 1989 Sega / Sunsoft (8751)
ultracin                        // (c) 1996 Sega (Unprotected)
wb3                             // (c) 1988 Sega / Westone (8751)
wb32                            // (c) 1988 Sega / Westone (FD1094)
wb32d                           //
wb33                            // (c) 1988 Sega / Westone (FD1094)
wb33d                           //
wb34                            // (c) 1988 Sega / Westone (FD1094)
wb34d                           //
wrestwar                        // (c) 1989 (8751)
wrestwar1                       // (c) 1989 (FD1094)
wrestwar1d                      //
wrestwar2                       // (c) 1989 (FD1094)
wrestwar2d                      //

@source:sspeedr.cpp
sspeedr                         // Midway

@source:starcrus.cpp
starcrus

@source:testpat.cpp
tp1983
tp1985

/******************************************************************************/

/* Do not use CPUs */

@source:atarittl.cpp
antiairc                        // (c) 1975 Atari
crashnsc                        // (c) 1975 Atari
gtrak10                         // (c) 1974 Atari / Kee
gtrak10a                        // (c) 1974 Atari / Kee
gtrak20                         // (c) 1974 Atari / Kee
indy4                           // (c) 1976 Atari / Kee
indy800                         // (c) 1975 Atari / Kee
jetfight                        // (c) 1975 Atari
jetfighta                       // (c) 1975 Atari
lemans                          // (c) 1976 Atari
outlaw                          // (c) 1976 Atari
qwakttl                         // (c) 1974 Atari
sharkjaw                        // (c) 1975 Atari / Horror Games
steeplec                        // (c) 1975 Atari
stuntcyc                        // (c) 1976 Atari
tank                            // (c) 1974 Atari / Kee
tankii                          // (c) 1975 Atari / Kee

@source:pong.cpp
breakout                        // (c) 1976 Atari
pong                            // (c) 1972 Atari
pongd                           // (c) 1973 Atari
pongf                           // (c) 1972 Atari
rebound                         //

@source:cheekyms.cpp
cheekyms                        // 8004 (c) [1980?]

@source:cocoloco.cpp
cocoloco                        // 198?, Petaco S.A.
cocolocoa                       // 198?, Recel S.A.
cocolocob                       // 198?, Petaco S.A.

@source:zaccaria.cpp
jackrabt                        // (c) 1984
jackrabt2                       // (c) 1984
jackrabts                       // (c) 1984
monymony                        // (c) 1983

// ******************************************************************************
// Skeletons
// ******************************************************************************

@source:a1supply.cpp
tv21                            // (c) 197? A-1 Supply
tv21_3                          // (c) 197? A-1 Supply
tvpoker                         // (c) 197? A-1 Supply

@source:aleisttl.cpp
sburners                        // (c) 1975 Allied Leisure

@source:bailey.cpp
fun4                            // (c) 1976 Bailey
fun4a                           // (c) 1976 Bailey

@source:chicago.cpp
dmodrbcc                        // (c) 1976 Chicago Coin

@source:crazybal.cpp
crazybal                        // (c) 1978 EGS

@source:electra.cpp
avenger                         // (c) 1975 Electra

@source:exidyttl.cpp
attckexd                        // (c) 1977 Exidy
attckexd2                       // (c) 1977 Exidy
deathrac                        // (c) 1976 Exidy
rhunting                        // bootleg of deathrac

@source:fungames.cpp
biplane                         // (c) 1975 Fun Games
biplane4                        // (c) 1976 Fun Games
take5                           // (c) 1975 Fun Games

@source:meadwttl.cpp
bombaway                        // (c) 1976 Meadows
cgunship                        // (c) 1976 Meadows
ckidzo                          // (c) 1976 Meadows
mead4in1                        // (c) 197? Meadows

@source:monacogp.cpp
monacogp                        // (c) 1980 Sega
monacogpa                       // (c) 1980 Sega

@source:pse.cpp
bazooka                         // (c) 1976 PSE
bazookabr                       // (c) 1977 Taito do Brasil
dpatrol                         // (c) 1977 PSE
dpatrola                        // (c) 1977 PSE / Telegames
gametree                        // (c) 1978 PSE

@source:ramtek.cpp
bballrmt                        // (c) 1974 Ramtek
cleanswp                        // (c) 1974 Ramtek
hockyrmt                        // (c) 1973 Ramtek
soccrrmt                        // (c) 1973 Ramtek
trivia                          // (c) 1976 Ramtek
vollyrmt                        // (c) 1973 Ramtek
wipeormt                        // (c) 1974 Ramtek

@source:segattl.cpp
fonz                            //

@source:taitottl.cpp
fisco400                        // (c) 1977 Taito
gunman                          // (c) 1977 Taito
missilex                        // (c) 1977 Taito
ttblock                         // (c) 1977 Taito
ttsracec                        // (c) 1978 Taito
zzblock                         // (c) 1979 Taito

@source:usbilliards.cpp
sharkusb                        // (c) 1975 US Billiards
