// license:BSD-3-Clause
// copyright-holders:Aaron Giles
/******************************************************************************

    nl.lst

    List of all drivers using netlist code. This file is parsed by then
    genie build system.

******************************************************************************/

1942            // 12/1984 (c) 1984
1942a           // 12/1984 (c) 1984
1942abl         // bootleg
1942b           // 12/1984 (c) 1984
1942w           // 12/1984 (c) 1984 + Williams Electronics license (c) 1985
1942p           // prototype
1942h           // hack (Two Bit Score?)
popeye          // (c) 1982
popeyeu         // (c) 1982
popeyef         // (c) 1982
popeyebl        // bootleg

// mario


// Atari 100% TTL
pong            // (c) 1972 Atari
pongd           // (c) 1975 Atari
pongf           // (c) 1972 Atari
breakout        // (c) 1976 Atari

@source:m62.cpp
battroad                        // (c) 1984
horizon                         // (c) 1985
kidniki                         // (c) 1986 + Data East USA license
kidnikiu                        // (c) 1986 + Data East USA license
kungfub                         // bootleg
kungfub2                        // bootleg
kungfum                         // (c) 1984
kungfumd                        // (c) 1984 + Data East license
ldrun                           // (c) 1984 licensed from Broderbund
ldrun2                          // (c) 1984 licensed from Broderbund
ldrun3                          // (c) 1985 licensed from Broderbund
ldrun3j                         // (c) 1985 licensed from Broderbund
ldrun4                          // (c) 1986 licensed from Broderbund
ldruna                          // (c) 1984 licensed from Broderbund
lithero                         // bootleg
lotlot                          // (c) 1985 licensed from Tokuma Shoten
spartanx                        // (c) 1984 (Japan)
spelunk2                        // (c) 1986 licensed from Broderbund
spelunkr                        // (c) 1985 licensed from Broderbund
spelunkrj                       // (c) 1985 licensed from Broderbund
yanchamr                        // (c) 1986 (Japan)
youjyudn                        // (c) 1986 (Japan)

