/******************************************************************************

    pinball.lst

    List of all enabled drivers in the system. This file is parsed by
    makelist.exe, sorted, and output as C code describing the drivers.

****************************************************************************

    Copyright Aaron Giles
    All rights reserved.

    Redistribution and use in source and binary forms, with or without
    modification, are permitted provided that the following conditions are
    met:

        * Redistributions of source code must retain the above copyright
          notice, this list of conditions and the following disclaimer.
        * Redistributions in binary form must reproduce the above copyright
          notice, this list of conditions and the following disclaimer in
          the documentation and/or other materials provided with the
          distribution.
        * Neither the name 'MAME' nor the names of its contributors may be
          used to endorse or promote products derived from this software
          without specific prior written permission.

    THIS SOFTWARE IS PROVIDED BY AARON GILES ''AS IS'' AND ANY EXPRESS OR
    IMPLIED WARRANTIES, INCLUDING, BUT NOT LIMITED TO, THE IMPLIED
    WARRANTIES OF MERCHANTABILITY AND FITNESS FOR A PARTICULAR PURPOSE ARE
    DISCLAIMED. IN NO EVENT SHALL AARON GILES BE LIABLE FOR ANY DIRECT,
    INDIRECT, INCIDENTAL, SPECIAL, EXEMPLARY, OR CONSEQUENTIAL DAMAGES
    (INCLUDING, BUT NOT LIMITED TO, PROCUREMENT OF SUBSTITUTE GOODS OR
    SERVICES; LOSS OF USE, DATA, OR PROFITS; OR BUSINESS INTERRUPTION)
    HOWEVER CAUSED AND ON ANY THEORY OF LIABILITY, WHETHER IN CONTRACT,
    STRICT LIABILITY, OR TORT (INCLUDING NEGLIGENCE OR OTHERWISE) ARISING
    IN ANY WAY OUT OF THE USE OF THIS SOFTWARE, EVEN IF ADVISED OF THE
    POSSIBILITY OF SUCH DAMAGE.

******************************************************************************/

// allied.c
allied
suprpick
royclark
thndbolt
hoedown
takefive
heartspd
foathens
disco79
erosone
circa33
starshot

// alvg.c

agsoccer

wrldtour
wrldtour2
usafootb
mystcast
pstlpkr
punchy
dinoeggs

/*
   Atari Generation/System 1
*/
atarians
time2000
aavenger
midearth
spcrider
/*
   Atari Generation/System 2
*/
supermap
hercules
/*
   Atari Generation/System 3
*/
roadrunr

// bingo.c
cntinntl
goldgame
goldgkitb
goldgstake
goldgnew
goldgkit1
penalty
brooklyn
brooklyna
newdixie
superdix
cntine31
domino2
tripjok
ggate
ggatea
michigan
michkit1
michkitb
michstake
michnew
montana
topgame
topgamet

/*
   Bally MPU AS-2518-17
*/
blackjck
bowarrow
eightbll
evelknie
freedom
matahari
nightrdr
nightr20
pwerplay
stk_sprs

/*
   Bally MPU AS-2518-35
*/
bullseye
blakpyra
bmx
centaur
cosflash
cybrnaut
dollyptn
eballdlx
eballd14
elektra
embryon
fathom
fbclass
fball_ii
flashgdn
flashgdnf
flashgdnv
frontier
futurspa
goldball
goldballn
granslam
granslam4
hglbtrtr
hotdoggn
kosteel
kiss
lostwrlp
medusa
m_mpac
mystic
myststar
newwave
ngndshkr
paragon
playboy
rapidfip
rollston
saturn2
slbmania
skatebll
spacehaw
spaceinv
speakesy
speakesy4p
spectrm
spectrm4
spyhuntr
startrep
sst
smman
tigerrag
vector
viking
voltan
xsandos
xenon
xenonf
worlddef
darkshad
skflight
cobrap
futrquen
f1gpp
toppin
uboat65
bbbowlin
monrobwl
mdntmrdr
blbeauty
suprbowl

/*
   Bally Kiss 8035 prototype
*/
kissp

/*
   Bally MPU A084-91786-AH06 (6803)
*/
atlantip
beatclck
blackblt
black100
black100s
cityslck
dungdrag
eballchp
esclwrld
esclwrldg
hardbody
hardbodyg
hvymetap
ladyluck
motrdome
prtyanim
specforc
strngsci
trucksp3
trucksp2

/*
   Bally MPU AS-2518-133
*/
babypac
babypac2
granny

// by68701.c
flashgdnp1
flashgdnp2
eballdlxp1
eballdlxp2
eballdlxp3
eballdlxp4

// capcom.c
abv106
abv106r
bbb109
bbb108
bsv103
bsv100r
bsv102r
bsb105
ffv104
ffv101
kpv106
pmv112
pmv112r
ghv101


// de_1.c
lwar_a83
lwar_e90


// de_2.c
mnfb_c27
poto_a32
play_a24
robo_a34
ssvc_a26
ssvc_b26
tmac_a24
tmac_a18
torp_e21


// de_3.c
rab_320
rab_130
rab_103
aar_101
bttf_a27
bttf_a20
bttf_a21
bttf_g27
btmn_103
btmn_101
btmn_g13
btmn_106
ckpt_a17
gnr_300
hook_408
hook_401
hook_404
jupk_513
jupk_501
jupk_g51
lah_112
lah_l104
lah_l108
lah_110
lw3_208
lw3_207
lw3_205
lw3_200
trek_201
trek_200
trek_120
trek_110
trek_11a
stwr_103
stwr_g11
stwr_a14
stwr_102
stwr_e12
tftc_303
tftc_302
tftc_300
tftc_200
tftc_104
tmnt_104
tmnt_103
simp_a27
simp_a20
tomy_400
tomy_h30
wwfr_106
wwfr_103


// de_3b.c
batmanf
batmanf3
bmf_uk
bmf_cn
bmf_no
bmf_sv
bmf_at
bmf_ch
bmf_de
bmf_be
bmf_fr
bmf_nl
bmf_it
bmf_sp
bmf_jp
bmf_time
baywatch
frankst
frankstg
mav_402
mav_401
mav_400
mav_100
detest
ctcheese


// flicker.c
flicker


// g627.c
rotation


// gp_1.c
gp_110
blvelvet
camlight
chucklck
famlyfun
foxylady
real
rio
startrip


// gp_2.c
agent777
andromep
andromepa
attila
cpthook
cyclopes
gwarfare
ladyshot
ladyshota
mbossy
coneyis
lizard
sshootr2
sshootep
suprnova
vegasgp


// gts1.c
gts1
gts1s
astannie
buckrgrs
charlies
cleoptra
closeenc
countdwn
dragon
geniep
jokrpokr
pinpool
roldisco
sinbad
sinbadn
solaride
hulk
torch
totem
hexagone
sys1test


// gts3.c
barbwire
bellring
brooks
cactjack
carhop
ccruise
clas1812
cueball
deadweap
bighurt
freddy
freddy4
gladiatp
hoops
lca
lca2
andretti
andretti4
nudgeit
opthund
rescu911
shaqattq
shaqattq2
silvslug
stargatp
stargatp1
stargatp2
stargatp3
stargatp4
sfight2
sfight2a
sfight2b
smb
smb1
smb2
smb3
smbmush
surfnsaf
teedoffp
teedoffp1
teedoffp3
tfight
vegas
waterwld
waterwld2
wipeout
wcsoccer
wcsoccerd2
tt_game
snspares
snspares1


// gts80.c
blckhole
blckhole2
blckhols
circusp
cntforce
eclipse
forceii
hh
hh_1
jamesb
jamesb2
marsp
panthera
pnkpnthr
starrace
spidermn
timeline
vlcno_ax
vlcno_1b
vlcno_1a
s80tst


// gts80a.c
alienstr
amazonh
caveman
cavemana
dvlsdre
dvlsdre2
eldorado
goinnuts
icefever
jack2opn
krullp
punk
qbquest
rackempp
raimfire
rocky
rflshdlx
spirit
striker
sorbit
thegames
touchdn


// gts80b.c
arena
badgirls
bighouse
bonebstr
bountyh
triplay
diamondp
excalibr
genesisp
goldwing
hlywoodh
hotshots
mntecrlo
nmoves
raven
robowars
rock
rock_enc
sprbreak
sprbreaks
tagteamp
tagteamp2
txsector
victoryp


// hankin.c
fjholden
howzat
orbit1
shark
empsback


// icecold.c
icecold
zekepeak

// inder.c
ind250cc
atleta
brvteam
canasta
pinclown
corsario
mundial
lapbylap
metalman

// jeutel.c
leking
olympic

// jp.c
america
aqualand
faeton
lortium
pimbal
petaco
petaco2
halley
olympus


// jvh.c
escape
movmastr


// ltd.c
alcapone
atla_ltd
bhol_ltd
columbia
cowboy
pecmen
zephy

// micropin.c
pentacup
pentacup2

// mephisto.c
mephistp
mephistp1

// mrgame.c
dakar
motrshow
motrshowa
macattck
wcup90


// nsm.c
firebird


// peyper.c
odisea
wolfman
odin
odin_dlx
solarwap
poleposn
sonstwar
gamatros
nemesisp
sonstwr2

// play_1.c
bigtown
chance
lastlap
spcgambl
party


// play_2.c
antar
antar2
evlfight
attack
blkfever
cerberup
madrace


// play_3.c
megaaton


// play_5.c
spain82
ufo_x
kz26
rock2500
starfirp
trailer

// rowamet.c
heavymtl


// s11.c
gmine_l2
grand_l4
hs_l4
hs_l3
rdkng_l4
rdkng_l1
rdkng_l2
rdkng_l3
tdawg_l1
shfin_l1
tts_l2
tts_l1


// s11a.c
f14_l1
f14_p3
f14_p4
fire_l3
milln_l3
pb_l5
pb_l2
pb_l3


// s11b.c
bcats_l5
bcats_l2
bnzai_l3
bnzai_g3
bnzai_l1
bnzai_pa
bguns_l8
bguns_l7
bguns_la
bguns_p1
bk2k_l4
bk2k_lg1
bk2k_lg3
bk2k_pu1
cycln_l5
cycln_l4
esha_la3
esha_ma3
esha_pr4
esha_lg1
esha_lg2
esha_la1
esha_pa1
eatpm_l4
eatpm_l1
eatpm_l2
eatpm_4g
eatpm_4u
eatpm_p7
jokrz_l6
jokrz_l3
mousn_l4
mousn_l1
mousn_lu
mousn_lx
polic_l4
polic_l3
polic_l2
spstn_l5
swrds_l2
taxi_l4
taxi_l3
taxi_lg1
tsptr_l3
whirl_l3
whirl_l2
whirl_lg3


// s11c.c
bbnny_l2
bbnny_lu
diner_l4
diner_l3
diner_l1
dd_l2
dd_p6
pool_l7
pool_l6
pool_le2
pool_p7
radcl_l1
radcl_g1
radcl_p3
rvrbt_l3
rollr_l2
rollr_ex
rollr_e1
rollr_p2
rollr_l3
rollr_g3
gs_l3
gs_l4
strax_p7


// s3.c
httip_l1
lucky_l1
wldcp_l1
cntct_l1
disco_l1


// s4.c
flash_l1
flash_t1
phnix_l1
pkrno_l1
stlwr_l2
pomp_l1
arist_l1
topaz_l1
taurs_l1
kingt_l1
omni_l1
bstrk_l1
tstrk_l1


// s6.c
blkou_l1
blkou_t1
blkou_f1
frpwr_l6
frpwr_t6
frpwr_l2
grgar_l1
grgar_t1
lzbal_l2
lzbal_t2
tmwrp_l2
tmwrp_t2
scrpn_l1
scrpn_t1
trizn_l1
trizn_t1


// s6a.c
algar_l1
alpok_l6
alpok_l2
alpok_f6


// s7.c
vrkon_l1
barra_l1
bk_l4
bk_f4
bk_l3
csmic_l1
dfndr_l4
fpwr2_l2
hypbl_l4
jst_l2
jngld_l2
lsrcu_l2
pharo_l2
solar_l2
strlt_l1
tmfnt_l5
wrlok_l3
thund_p1
ratrc_l1


// s8.c
pfevr_l2
pfevr_p3
stillcra


// s9.c
comet_l4
comet_l5
sorcr_l1
sorcr_l2
sshtl_l7
alcat_l7
szone_l5
szone_l2


// sleic.c
sleicpin


// spectra.c
spectra


// spinb.c
bushido
bushidoa
jolypark
mach2
vrnwrld


// st_mp100.c
princess
dracula
hothand
lectrono
magic
memlane
nugent
pinball
stars
stingray
trident
wildfyre


// st_mp200.c
ali
biggame
catacomp
cheetah
dragfist
flight2k
freefall
galaxypi
ironmaid
lazrlord
lightnin
meteorp
nineball
orbitor1
quicksil
seawitch
splitsec
stargzr
viperp
gamatron
blkshpsq
st_game


// taito.c
taitest
cavnegro
cavnegro1
cavnegro2
cosmic
drakor
fireact
fireactd
gemini2k
gemini2k1
gork
hawkman
hawkman1
ladylukt
lunelle
meteort
mrblack
mrblack1
obaoba
obaoba1
polar
rally
sharkt
shock
snake
sshuttle
sshuttle1
stest
sureshop
titan
titan1
vegast
voleybal
vortexp
zarza
zarza1
mrblkz80


// techno.c
xforce


// vd.c
break86
papillon


// whitestar.c
apollo13
aust301
aust300
aust201
austin
austnew
austinf
austing
austini
godzillp
gldneye
goldcue
harl_a13
harl_a10
harl_f13
harl_g13
harl_i13
harl_l13
harl_a40
harl_f40
harl_g40
harl_i40
harl_l40
harl_a30
harl_f30
harl_g30
harl_i30
harl_l30
harl_a18
harl_f18
harl_g18
harl_i18
harl_l18
hirolcas
hirolcas_210
hironew
hirolcat
hirol_fr
hirol_gr
hirol_gr_210
hirol_it
id4
lostspc
monopolp
monop303
monop301
monop251
monop233
monopolf
monopolg
monopoli
monopoll
mononew
nfl
playboys
playboys_401
playboys_303
playboys_300
playboys_203
playnew
playboyf
playboyf_401
playboyf_303
playboyf_300
playboyf_203
playboyg
playboyg_401
playboyg_303
playboyg_300
playboyg_203
playboyi
playboyi_401
playboyi_303
playboyi_300
playboyi_203
playboyl
playboyl_401
playboyl_303
playboyl_300
playboyl_203
rctycn
rctycn_701
rctycn_600
rctycn_400
rctnew
rctycng
rctycng_701
rctycng_400
rctycnf
rctycnf_701
rctycnf_600
rctycnf_400
rctycni
rctycni_701
rctycni_600
rctycni_400
rctycnl
rctycnl_701
rctycnl_600
rctycnl_400
shrkysht
shrky_207
shrknew
shrkygr
shrkygr_207
shrkyfr
shrkyfr_207
shrkyit
shrkyit_207
sprk_103
sprk_096
sprk_090
spacejam
spacejmg
spacejmf
spacejmi
swtril43
swtril41
startrp
strikext
strknew
strxt_uk
strxt_gr
strxt_fr
strxt_it
strxt_sp
term3
term3_205
t3new
term3g
term3l
term3l_205
term3f
term3f_205
term3i
term3i_205
jplstw22
jplstw20
simpprty
simpprty_400
simpprty_204
simpnew
simpprtg
simpprtg_400
simpprtl
simpprtl_400
simpprtl_204
simpprtf
simpprtf_400
simpprtf_204
simpprti
simpprti_400
simpprti_204
xfilesp
xfiles2
twst_405
twst_404
twst_300
viprsega
ctchzdlx
titanic
monopred
wackadoo


// white_mod.c
elvisp
elvisp4
elvisp303
elvisp302
elvisl
elvisl4
elvisl303
elvisl302
elvisg
elvisg4
elvisg303
elvisg302
elvisf
elvisf4
elvisf303
elvisf302
elvisi
elvisi4
elvisi303
elvisi302
gprix
gprix_400
gprix_352
gprix_350
gprix_340
gprix_301
gprixg
gprixg_400
gprixg_352
gprixg_350
gprixg_340
gprixg_301
gprixl
gprixl_400
gprixl_352
gprixl_350
gprixl_340
gprixl_301
gprixf
gprixf_400
gprixf_352
gprixf_350
gprixf_340
gprixf_301
gprixi
gprixi_400
gprixi_352
gprixi_350
gprixi_340
gprixi_301
nascar
nascar_400
nascar_352
nascar_350
nascar_340
nascar_301
nascarl
nascarl_400
nascarl_352
nascarl_350
nascarl_340
nascarl_301
ripleys
rip310
rip302
rip301
rip300
ripleysf
ripf310
ripf302
ripf301
ripf300
ripleysg
ripg310
ripg302
ripg301
ripg300
ripleysi
ripi310
ripi302
ripi301
ripi300
ripleysl
ripl310
ripl302
ripl301
ripl300
lotr
lotr9
lotr8
lotr7
lotr6
lotr501
lotr5
lotr410
lotr401
lotr_le
lotr_sp
lotr_sp9
lotr_sp8
lotr_sp7
lotr_sp6
lotr_sp501
lotr_sp5
lotr_sp401
lotr_gr
lotr_gr9
lotr_gr8
lotr_gr7
lotr_gr6
lotr_gr501
lotr_gr5
lotr_gr410
lotr_gr401
lotr_fr
lotr_fr9
lotr_fr8
lotr_fr7
lotr_fr6
lotr_fr501
lotr_fr5
lotr_fr410
lotr_fr401
lotr_it
lotr_it9
lotr_it8
lotr_it7
lotr_it6
lotr_it501
lotr_it5
lotr_it410
lotr_it401
sopranos
sopranos_400
sopranos_300
sopranos_204
sopranog
sopranog_400
sopranog_300
sopranog_107
sopranof
sopranof_400
sopranof_300
sopranof_107
sopranol
sopranol_400
sopranol_300
sopranol_107
sopranoi
sopranoi_400
sopranoi_300
sopranoi_107


// wico.c
aftor


// wpc_95.c
tf95_12
afm_113
afm_113b
afm_11
afm_11u
afm_10
cc_12
cc_13
cv_14
cv_20h
cv_10
cv_11
cv_13
congo_21
congo_20
congo_13
jy_12
jy_11
jy_03
mm_10
mm_10u
mm_109
mm_109b
mm_109c
mm_05
mb_10
mb_106
mb_106b
nbaf_31
nbaf_31a
nbaf_11s
nbaf_11
nbaf_11a
nbaf_115
nbaf_21
nbaf_22
nbaf_23
ngg_13
ngg_p06
ngg_10
sc_18
sc_18n
sc_18s2
sc_17
sc_17n
sc_14
ss_15
ss_14
ss_12
ss_03
ss_01
totan_14
totan_13
totan_12
totan_04
cp_16
cp_15
ttt_10


// wpc_an.c
tfa_13
dd_p7
dd_p06
fh_l9
fh_l9b
fh_905h
fh_l3
fh_l4
fh_l5
hd_l3
hd_l1
bop_l7
bop_l6
bop_l5
bop_l4
bop_l3
bop_l2


// wpc_dcs.c
dm_lx4
dm_pa2
dm_px5
dm_la1
dm_lx3
dm_h5
dm_h6
ij_l7
ij_lg7
ij_l6
ij_l5
ij_l4
ij_l3
jd_l7
jd_l1
jd_l6
pop_lx5
pop_pa3
sttng_l7
sttng_x7
sttng_p5
sttng_s7
sttng_g7
sttng_l1
sttng_l2
afv_l4


// wpc_dot.c
tfdmd_l3
gi_l9
gi_l3
gi_l4
gi_l6
hshot_p8
hurr_l2
pz_f4
pz_l1
pz_l2
pz_l3
sf_l1
t2_l8
t2_l6
t2_p2f
t2_l4
t2_l3
t2_l2


// wpc_flip1.c
taf_l5
taf_p2
taf_l1
taf_l2
taf_l3
taf_l4
taf_l7
taf_l6
taf_h4


// wpc_flip2.c
br_l4
br_p17
br_l1
br_l3
drac_l1
drac_p11
cftbl_l3
cftbl_l4
dw_l2
dw_l1
dw_p5
ft_l5
ft_l3
ft_l4
ft_p4
tafg_lx3
tafg_h3
tafg_la2
tafg_la3
gw_l5
gw_pc
gw_l1
gw_l2
gw_l3
gw_p7
tz_92
tz_94h
tz_94ch
tz_pa1
tz_p3
tz_p4
tz_l1
tz_l2
tz_ifpa
tz_l3
tz_l4
tz_h7
tz_h8
ww_l5
ww_lh6
ww_lh5
ww_l4
ww_l3
ww_l2
ww_p8
ww_p1
strik_l4
lc_11


// wpc_s.c
corv_21
corv_px4
corv_lx1
dh_lx2
i500_11r
i500_11b
jb_10r
jb_10b
jm_12r
jm_12b
nf_23x
nf_23
nf_23f
nf_22
nf_20
rs_l6
rs_la5
rs_lx5
rs_la4
rs_lx4
rs_lx3
rs_lx2
fs_lx5
fs_lx2
fs_sp2
fs_lx4
ts_lx5
ts_lh6
ts_lx4
ts_la4
ts_la2
ts_pa1
ts_lf6
ts_lm6
tom_13
tom_14h
tom_12
tom_10f
tom_06
wd_12
wd_12g
wd_11
wd_10r
wd_10g
wd_10f
wd_03r
wd_048r
wcs_l2
wcs_p2
wcs_p3
tfs_12


// zac_1.c
ewf
firemntn
futurwld
hotwheel
hod
locomotp
strapids
sshtlzac
stargod
stargoda
wsports


// zac_2.c
bbeltzac
clown
dvlrider
dvlrideri
dvlriderg
farfalla
farfallai
farfallag
mcastle
mcastlei
mcastleg
mcastlef
mexico
nstrphnx
pinchamp
pinchampg
pinchampi
pinchamp7
pinchamp7g
pinchamp7i
poolcham
poolchami
poolchama
robot
roboti
robotg
robotf
scram_tp
socrking
socrkingi
socrkingg
spookyp
spookyi
strsphnx
tmachzac
tmachzacg
tmachzacf
zankor


// zac_proto.c
skijump
spacecty
strike

// Williams/Bally/Midway Pinball 2000
swe1pb
rfmpb
rfmpbr2
