/******************************************************************************

    mame.lst

    List of all enabled drivers in the system. This file is parsed by
    makemak.exe, sorted, and output as C code describing the drivers.

****************************************************************************

    Copyright Aaron Giles
    All rights reserved.

    Redistribution and use in source and binary forms, with or without
    modification, are permitted provided that the following conditions are
    met:

        * Redistributions of source code must retain the above copyright
          notice, this list of conditions and the following disclaimer.
        * Redistributions in binary form must reproduce the above copyright
          notice, this list of conditions and the following disclaimer in
          the documentation and/or other materials provided with the
          distribution.
        * Neither the name 'MAME' nor the names of its contributors may be
          used to endorse or promote products derived from this software
          without specific prior written permission.

    THIS SOFTWARE IS PROVIDED BY AARON GILES ''AS IS'' AND ANY EXPRESS OR
    IMPLIED WARRANTIES, INCLUDING, BUT NOT LIMITED TO, THE IMPLIED
    WARRANTIES OF MERCHANTABILITY AND FITNESS FOR A PARTICULAR PURPOSE ARE
    DISCLAIMED. IN NO EVENT SHALL AARON GILES BE LIABLE FOR ANY DIRECT,
    INDIRECT, INCIDENTAL, SPECIAL, EXEMPLARY, OR CONSEQUENTIAL DAMAGES
    (INCLUDING, BUT NOT LIMITED TO, PROCUREMENT OF SUBSTITUTE GOODS OR
    SERVICES; LOSS OF USE, DATA, OR PROFITS; OR BUSINESS INTERRUPTION)
    HOWEVER CAUSED AND ON ANY THEORY OF LIABILITY, WHETHER IN CONTRACT,
    STRICT LIABILITY, OR TORT (INCLUDING NEGLIGENCE OR OTHERWISE) ARISING
    IN ANY WAY OUT OF THE USE OF THIS SOFTWARE, EVEN IF ADVISED OF THE
    POSSIBILITY OF SUCH DAMAGE.

******************************************************************************/

// 28628 drivers found

@acorn
/mame/drivers/ertictac
/mame/drivers/ssfindo
/mame/drivers/aristmk5

@alba
/mame/drivers/albazc
/mame/drivers/albazg
/mame/drivers/rmhaihai

@alliedl
/mame/drivers/ace
/mame/drivers/clayshoo

@alpha
/mame/drivers/alpha68k
/mame/drivers/champbas
/mame/drivers/equites
/mame/drivers/meijinsn
/mame/drivers/shougi

@amiga
/mame/drivers/alg
/mame/drivers/arcadia
/mame/drivers/cd32
/mame/drivers/mquake
/mame/drivers/upscope

@aristocr
/mame/drivers/aristmk4
/mame/drivers/aristmk6
/mame/drivers/caswin

@ascii
/mame/drivers/big10
/mame/drivers/forte2
/mame/drivers/pengadvb
/mame/drivers/sangho
/mame/drivers/sfkick

@atari
/mame/drivers/arcadecl
/mame/drivers/asteroid
/mame/drivers/atarifb
/mame/drivers/atarig1
/mame/drivers/atarig42
/mame/drivers/atarigt
/mame/drivers/atarigx2
/mame/drivers/atarisy1
/mame/drivers/atarisy2
/mame/drivers/atarisy4
/mame/drivers/atetris
/mame/drivers/avalnche
/mame/drivers/badlands
/mame/drivers/bartop52
/mame/drivers/batman
/mame/drivers/beathead
/mame/drivers/blstroid
/mame/drivers/boxer
/mame/drivers/bsktball
/mame/drivers/bwidow
/mame/drivers/bzone
/mame/drivers/canyon
/mame/drivers/cball
/mame/drivers/ccastles
/mame/drivers/centiped
/mame/drivers/cloak
/mame/drivers/cloud9
/mame/drivers/cmmb
/mame/drivers/cops
/mame/drivers/copsnrob
/mame/drivers/cyberbal
/mame/drivers/destroyr
/mame/drivers/dragrace
/mame/drivers/eprom
/mame/drivers/firefox
/mame/drivers/firetrk
/mame/drivers/flyball
/mame/drivers/foodf
/mame/drivers/gauntlet
/mame/drivers/harddriv
/mame/drivers/irobot
/mame/drivers/jaguar
/mame/drivers/jedi
/mame/drivers/klax
/mame/drivers/liberatr
/mame/drivers/mediagx
/mame/drivers/metalmx
/mame/drivers/mgolf
/mame/drivers/mhavoc
/mame/drivers/missile
/mame/drivers/nitedrvr
/mame/drivers/offtwall
/mame/drivers/orbit
/mame/drivers/pong
/mame/drivers/poolshrk
/mame/drivers/quantum
/mame/drivers/quizshow
/mame/drivers/rampart
/mame/drivers/relief
/mame/drivers/runaway
/mame/drivers/sbrkout
/mame/drivers/shuuz
/mame/drivers/skullxbo
/mame/drivers/skydiver
/mame/drivers/skyraid
/mame/drivers/sprint2
/mame/drivers/sprint4
/mame/drivers/sprint8
/mame/drivers/starshp1
/mame/drivers/starwars
/mame/drivers/subs
/mame/drivers/tank8
/mame/drivers/tempest
/mame/drivers/thunderj
/mame/drivers/tomcat
/mame/drivers/toobin
/mame/drivers/tourtabl
/mame/drivers/triplhnt
/mame/drivers/tunhunt
/mame/drivers/ultratnk
/mame/drivers/videopin
/mame/drivers/vindictr
/mame/drivers/wolfpack
/mame/drivers/xybots

@atlus
/mame/drivers/blmbycar
/mame/drivers/ohmygod
/mame/drivers/powerins
/mame/drivers/bowltry

@barcrest
/mame/drivers/mpu2
/mame/drivers/mpu3
/mame/drivers/mpu4hw
/mame/drivers/mpu4sw
/mame/drivers/mpu4
/mame/drivers/mpu4mod2sw
/mame/drivers/mpu4mod4yam
/mame/drivers/mpu4plasma
/mame/drivers/mpu4dealem
/mame/drivers/mpu4vid
/mame/drivers/mpu4avan
/mame/drivers/mpu4union
/mame/drivers/mpu4concept
/mame/drivers/mpu4empire
/mame/drivers/mpu4mdm
/mame/drivers/mpu4crystal
/mame/drivers/mpu4bwb
/mame/drivers/mpu4misc
/mame/drivers/mpu5hw
/mame/drivers/mpu5

@bfm
/mame/drivers/bfcobra
/mame/drivers/bfm_sc1
/mame/drivers/bfm_sc2
/mame/drivers/bfm_sc4
/mame/drivers/bfm_sc4h
/mame/drivers/bfm_sc5
/mame/drivers/bfm_sc5sw
/mame/drivers/bfm_ad5
/mame/drivers/bfm_ad5sw
/mame/drivers/bfm_swp
/mame/drivers/bfmsys83
/mame/drivers/bfmsys85
/mame/drivers/rastersp

@bmc
/mame/drivers/bmcbowl
/mame/drivers/koftball
/mame/drivers/popobear
/mame/drivers/bmcpokr

@capcom
/mame/drivers/1942
/mame/drivers/1943
/mame/drivers/alien
/mame/drivers/bionicc
/mame/drivers/blktiger
/mame/drivers/cbasebal
/mame/drivers/commando
/mame/drivers/cps1
/mame/drivers/cps2
/mame/drivers/cps3
/mame/drivers/egghunt
/mame/drivers/exedexes
/mame/drivers/fcrash
/mame/drivers/gng
/mame/drivers/gunsmoke
/mame/drivers/higemaru
/mame/drivers/lastduel
/mame/drivers/lwings
/mame/drivers/mitchell
/mame/drivers/sf
/mame/drivers/sidearms
/mame/drivers/sonson
/mame/drivers/srumbler
/mame/drivers/tigeroad
/mame/drivers/vulgus


@cinemat
/mame/drivers/ataxx
/mame/drivers/cinemat
/mame/drivers/cchasm
/mame/drivers/dlair
/mame/drivers/dlair2
/mame/drivers/embargo
/mame/drivers/jack
/mame/drivers/leland

@comad
/mame/drivers/funybubl
/mame/drivers/galspnbl
/mame/drivers/pushman
/mame/drivers/zerozone

@cvs
/mame/drivers/cvs
/mame/drivers/galaxia
/mame/drivers/quasar

@dataeast
/mame/drivers/actfancr
/mame/drivers/astrof
/mame/drivers/backfire
/mame/drivers/battlera
/mame/drivers/boogwing
/mame/drivers/brkthru
/mame/drivers/btime
/mame/drivers/bwing
/mame/drivers/cbuster
/mame/drivers/chanbara
/mame/drivers/cninja
/mame/drivers/cntsteer
/mame/drivers/compgolf
/mame/drivers/darkseal
/mame/drivers/dassault
/mame/drivers/dblewing
/mame/drivers/dec0
/mame/drivers/dec8
/mame/drivers/deco_ld
/mame/drivers/deco_mlc
/mame/drivers/deco156
/mame/drivers/deco32
/mame/drivers/decocass
/mame/drivers/deshoros
/mame/drivers/dietgo
/mame/drivers/dreambal
/mame/drivers/exprraid
/mame/drivers/firetrap
/mame/drivers/funkyjet
/mame/drivers/karnov
/mame/drivers/kchamp
/mame/drivers/kingobox
/mame/drivers/lemmings
/mame/drivers/liberate
/mame/drivers/madalien
/mame/drivers/madmotor
/mame/drivers/metlclsh
/mame/drivers/mirage
/mame/drivers/pcktgal
/mame/drivers/pktgaldx
/mame/drivers/progolf
/mame/drivers/rohga
/mame/drivers/shootout
/mame/drivers/sidepckt
/mame/drivers/simpl156
/mame/drivers/sshangha
/mame/drivers/stadhero
/mame/drivers/supbtime
/mame/drivers/tryout
/mame/drivers/tumbleb
/mame/drivers/tumblep
/mame/drivers/vaportra


@dgrm
/mame/drivers/blackt96
/mame/drivers/pokechmp

@dooyong
/mame/drivers/dooyong
/mame/drivers/gundealr

@dynax
/mame/drivers/ddenlovr
/mame/drivers/dynax
/mame/drivers/hnayayoi
/mame/drivers/realbrk
/mame/drivers/royalmah

@edevices
/mame/drivers/diverboy
/mame/drivers/fantland
/mame/drivers/mwarr
/mame/drivers/mugsmash
/mame/drivers/ppmast93
/mame/drivers/pzletime
/mame/drivers/stlforce
/mame/drivers/twins

@eolith
/mame/drivers/eolith
/mame/drivers/eolith16
/mame/drivers/eolithsp
/mame/drivers/ghosteo
/mame/drivers/vegaeo

@excelent
/mame/drivers/aquarium
/mame/drivers/d9final
/mame/drivers/dblcrown
/mame/drivers/gcpinbal
/mame/drivers/lastbank

@exidy
/mame/drivers/carpolo
/mame/drivers/circus
/mame/drivers/exidy
/mame/drivers/exidy440
/mame/drivers/maxaflex
/mame/drivers/starfire
/mame/drivers/vertigo
/mame/drivers/victory


@f32
/mame/drivers/crospang
/mame/drivers/silvmil
/mame/drivers/f-32

@funworld
/mame/drivers/4roses
/mame/drivers/funworld
/mame/drivers/snookr10

@fuuki
/mame/drivers/fuukifg2
/mame/drivers/fuukifg3

@gaelco
/mame/drivers/atvtrack
/mame/drivers/gaelco
/mame/drivers/gaelco2
/mame/drivers/gaelco3d
/mame/drivers/glass
/mame/drivers/mastboy
/mame/drivers/splash
/mame/drivers/targeth
/mame/drivers/thoop2
/mame/drivers/tokyocop
/mame/drivers/wrally
/mame/drivers/xorworld

@gameplan
/mame/drivers/enigma2
/mame/drivers/gameplan
/mame/drivers/toratora

@gametron
/mame/drivers/gatron
/mame/drivers/gotya
/mame/drivers/sbugger

@gottlieb
/mame/drivers/exterm
/mame/drivers/gottlieb

@ibmpc
/mame/drivers/calchase
/mame/drivers/fruitpc
/mame/drivers/pangofun
/mame/drivers/pcat_dyn
/mame/drivers/pcat_nit
/mame/drivers/pcxt
/mame/drivers/quakeat
/mame/drivers/queen
/mame/drivers/igspc

@igs
/mame/drivers/cabaret
/mame/drivers/ddz
/mame/drivers/dunhuang
/mame/drivers/goldstar
/mame/drivers/jackie
/mame/drivers/igspoker
/mame/drivers/igs009
/mame/drivers/igs011
/mame/drivers/igs017
/mame/drivers/igs_m027
/mame/drivers/igs_m036
/mame/drivers/iqblock
/mame/drivers/lordgun
/mame/drivers/pgm
/mame/drivers/pgm2
/mame/drivers/spoker


@irem
/mame/drivers/m10
/mame/drivers/m14
/mame/drivers/m52
/mame/drivers/m57
/mame/drivers/m58
/mame/drivers/m62
/mame/drivers/m63
/mame/drivers/m72
/mame/drivers/m90
/mame/drivers/m92
/mame/drivers/m107
/mame/drivers/olibochu
/mame/drivers/redalert
/mame/drivers/shisen
/mame/drivers/travrusa
/mame/drivers/vigilant



@itech
/mame/drivers/capbowl
/mame/drivers/itech8
/mame/drivers/itech32
/mame/drivers/iteagle

@jaleco
/mame/drivers/aeroboto
/mame/drivers/argus
/mame/drivers/bestleag
/mame/drivers/bigstrkb
/mame/drivers/blueprnt
/mame/drivers/bnstars
/mame/drivers/cischeat
/mame/drivers/citycon
/mame/drivers/ddayjlc
/mame/drivers/exerion
/mame/drivers/fcombat
/mame/drivers/ginganin
/mame/drivers/homerun
/mame/drivers/megasys1
/mame/drivers/momoko
/mame/drivers/ms32
/mame/drivers/psychic5
/mame/drivers/pturn
/mame/drivers/skyfox
/mame/drivers/tetrisp2



@jpm
/mame/drivers/guab
/mame/drivers/jpmsys5
/mame/drivers/jpmsys5sw
/mame/drivers/jpmmps
/mame/drivers/jpms80
/mame/drivers/jpmsru
/mame/drivers/jpmimpct
/mame/drivers/jpmimpctsw
/mame/drivers/pluto5
/mame/drivers/jpmsys7


@kaneko
/mame/drivers/airbustr
/mame/drivers/djboy
/mame/drivers/expro02
/mame/drivers/galpanic
/mame/drivers/galpani2
/mame/drivers/galpani3
/mame/drivers/hvyunit
/mame/drivers/jchan
/mame/drivers/kaneko16
/mame/drivers/sandscrp
/mame/drivers/suprnova


@konami
/mame/drivers/88games
/mame/drivers/ajax
/mame/drivers/aliens
/mame/drivers/asterix
/mame/drivers/battlnts
/mame/drivers/bishi
/mame/drivers/bladestl
/mame/drivers/blockhl
/mame/drivers/bottom9
/mame/drivers/chqflag
/mame/drivers/circusc
/mame/drivers/cobra
/mame/drivers/combatsc
/mame/drivers/contra
/mame/drivers/crimfght
/mame/drivers/dbz
/mame/drivers/ddribble
/mame/drivers/djmain
/mame/drivers/fastfred
/mame/drivers/fastlane
/mame/drivers/finalizr
/mame/drivers/firebeat
/mame/drivers/flkatck
/mame/drivers/gberet
/mame/drivers/gbusters
/mame/drivers/gijoe
/mame/drivers/gradius3
/mame/drivers/gticlub
/mame/drivers/gyruss
/mame/drivers/hcastle
/mame/drivers/hexion
/mame/drivers/hornet
/mame/drivers/hyperspt
/mame/drivers/ironhors
/mame/drivers/jackal
/mame/drivers/jailbrek
/mame/drivers/junofrst
/mame/drivers/konamigq
/mame/drivers/konamigv
/mame/drivers/konamigx
/mame/drivers/konamim2
/mame/drivers/kontest
/mame/drivers/konendev
/mame/drivers/ksys573
/mame/drivers/labyrunr
/mame/drivers/lethal
/mame/drivers/mainevt
/mame/drivers/megazone
/mame/drivers/mikie
/mame/drivers/mogura
/mame/drivers/moo
/mame/drivers/mystwarr
/mame/drivers/nemesis
/mame/drivers/nwk-tr
/mame/drivers/overdriv
/mame/drivers/pandoras
/mame/drivers/parodius
/mame/drivers/pingpong
/mame/drivers/plygonet
/mame/drivers/pooyan
/mame/drivers/pyson
/mame/drivers/qdrmfgp
/mame/drivers/rockrage
/mame/drivers/rocnrope
/mame/drivers/rollerg
/mame/drivers/rungun
/mame/drivers/sbasketb
/mame/drivers/scobra
/mame/drivers/scotrsht
/mame/drivers/scramble
/mame/drivers/shaolins
/mame/drivers/simpsons
/mame/drivers/spy
/mame/drivers/surpratk
/mame/drivers/tasman
/mame/drivers/tgtpanic
/mame/drivers/thunderx
/mame/drivers/timeplt
/mame/drivers/tmnt
/mame/drivers/tp84
/mame/drivers/trackfld
/mame/drivers/tutankhm
/mame/drivers/twin16
/mame/drivers/twinkle
/mame/drivers/ultrsprt
/mame/drivers/ultraman
/mame/drivers/vendetta
/mame/drivers/viper
/mame/drivers/wecleman
/mame/drivers/xexex
/mame/drivers/xmen
/mame/drivers/yiear
/mame/drivers/zr107


@maygay
/mame/drivers/maygay1b
/mame/drivers/maygay1bsw
/mame/drivers/maygayv1
/mame/drivers/maygayep
/mame/drivers/maygaysw
/mame/drivers/mmm

@meadows
/mame/drivers/lazercmd
/mame/drivers/meadows
/mame/drivers/warpsped

@merit
/mame/drivers/mpoker
/mame/drivers/merit
/mame/drivers/meritm

@metro
/mame/drivers/hyprduel
/mame/drivers/metro
/mame/drivers/rabbit
/mame/drivers/tmmjprd

@midcoin
/mame/drivers/wallc
/mame/drivers/wink
/mame/drivers/24cdjuke

@midw8080
/mame/drivers/8080bw
/mame/drivers/m79amb
/mame/drivers/mw18w
/mame/drivers/mw8080bw
/mame/drivers/rotaryf
/mame/drivers/sspeedr

@midway
/mame/drivers/astrocde
/mame/drivers/atlantis
/mame/drivers/balsente
/mame/drivers/gridlee
/mame/drivers/mcr
/mame/drivers/mcr3
/mame/drivers/mcr68
/mame/drivers/midqslvr
/mame/drivers/midtunit
/mame/drivers/midvunit
/mame/drivers/midwunit
/mame/drivers/midxunit
/mame/drivers/midyunit
/mame/drivers/midzeus
/mame/drivers/omegrace
/mame/drivers/pinball2k
/mame/drivers/seattle
/mame/drivers/tmaster
/mame/drivers/vegas
/mame/drivers/wmg
/mame/drivers/williams

@namco
/mame/drivers/20pacgal
/mame/drivers/30test
/mame/drivers/baraduke
/mame/drivers/dambustr
/mame/drivers/gal3
/mame/drivers/galaga
/mame/drivers/galaxian
/mame/drivers/galaxold
/mame/drivers/gaplus
/mame/drivers/kungfur
/mame/drivers/mappy
/mame/drivers/namcofl
/mame/drivers/namcoic
/mame/drivers/namcona1
/mame/drivers/namconb1
/mame/drivers/namcond1
/mame/drivers/namcops2
/mame/drivers/namcos1
/mame/drivers/namcos10
/mame/drivers/namcos11
/mame/drivers/namcos12
/mame/drivers/namcos2
/mame/drivers/namcos21
/mame/drivers/namcos22
/mame/drivers/namcos23
/mame/drivers/namcos86
/mame/drivers/pacland
/mame/drivers/polepos
/mame/drivers/rallyx
/mame/drivers/skykid
/mame/drivers/tankbatt
/mame/drivers/tceptor
/mame/drivers/toypop
/mame/drivers/turrett
/mame/drivers/warpwarp


@nasco
/mame/drivers/crgolf
/mame/drivers/suprgolf

@neogeo
/mame/drivers/neogeo

@nichibut
/mame/drivers/armedf
/mame/drivers/cclimber
/mame/drivers/clshroad
/mame/drivers/csplayh5
/mame/drivers/cop01
/mame/drivers/dacholer
/mame/drivers/galivan
/mame/drivers/gomoku
/mame/drivers/hyhoo
/mame/drivers/jangou
/mame/drivers/magmax
/mame/drivers/nbmj8688
/mame/drivers/nbmj8891
/mame/drivers/nbmj8900
/mame/drivers/nbmj8991
/mame/drivers/nbmj9195
/mame/drivers/nightgal
/mame/drivers/niyanpai
/mame/drivers/pastelg
/mame/drivers/seicross
/mame/drivers/terracre
/mame/drivers/tubep
/mame/drivers/wiping


@nintendo
/mame/drivers/cham24
/mame/drivers/dkong
/mame/drivers/mario
/mame/drivers/multigam
/mame/drivers/n8080
/mame/drivers/nss
/mame/drivers/playch10
/mame/drivers/popeye
/mame/drivers/punchout
/mame/drivers/famibox
/mame/drivers/sfcbox
/mame/drivers/snesb
/mame/drivers/spacefb
/mame/drivers/vsnes




@nix
/mame/drivers/fitfight
/mame/drivers/pirates

@nmk
/mame/drivers/acommand
/mame/drivers/cultures
/mame/drivers/ddealer
/mame/drivers/jalmah
/mame/drivers/macrossp
/mame/drivers/nmk16
/mame/drivers/quizdna
/mame/drivers/quizpani

@olympia
/mame/drivers/dday
/mame/drivers/monzagp
/mame/drivers/portrait
/mame/drivers/vega

@omori
/mame/drivers/battlex
/mame/drivers/carjmbre
/mame/drivers/popper
/mame/drivers/spaceg

@orca
/mame/drivers/espial
/mame/drivers/funkybee
/mame/drivers/marineb
/mame/drivers/vastar
/mame/drivers/zodiack

@pacific
/mame/drivers/mrflea
/mame/drivers/thief

@pacman
/mame/drivers/jrpacman
/mame/drivers/pacman
/mame/drivers/pengo


@pce
/mame/drivers/ggconnie
/mame/drivers/paranoia
/mame/drivers/tourvis
/mame/drivers/uapce


@phoenix
/mame/drivers/naughtyb
/mame/drivers/phoenix
/mame/drivers/safarir


@playmark
/mame/drivers/drtomy
/mame/drivers/playmark
/mame/drivers/powerbal
/mame/drivers/sderby
/mame/drivers/sslam

@psikyo
/mame/drivers/psikyo
/mame/drivers/psikyo4
/mame/drivers/psikyosh

@ramtek
/mame/drivers/hitme
/mame/drivers/starcrus

@rare
/mame/drivers/btoads
/mame/drivers/kinst
/mame/drivers/xtheball

@sanritsu
/mame/drivers/appoooh
/mame/drivers/bankp
/mame/drivers/chinsan
/mame/drivers/drmicro
/mame/drivers/jantotsu
/mame/drivers/mayumi
/mame/drivers/mermaid
/mame/drivers/mjkjidai

@sega
/mame/drivers/angelkds
/mame/drivers/bingoc
/mame/drivers/blockade
/mame/drivers/calorie
/mame/drivers/chihiro
/mame/drivers/coolridr
/mame/drivers/deniam
/mame/drivers/dotrikun
/mame/drivers/gpworld
/mame/drivers/hikaru
/mame/drivers/hshavoc
/mame/drivers/kopunch
/mame/drivers/megadrvb
/mame/drivers/megaplay
/mame/drivers/megatech
/mame/drivers/model1
/mame/drivers/model2
/mame/drivers/model3
/mame/drivers/naomi
/mame/drivers/triforce
/mame/drivers/puckpkmn
/mame/drivers/segac2
/mame/drivers/segae
/mame/drivers/shtzone
/mame/drivers/segag80r
/mame/drivers/segag80v
/mame/drivers/segahang
/mame/drivers/segajw
/mame/drivers/segald
/mame/drivers/segaorun
/mame/drivers/segas16a
/mame/drivers/segas16b
/mame/drivers/segas18
/mame/drivers/segas24
/mame/drivers/segas32
/mame/drivers/segaxbd
/mame/drivers/segaybd
/mame/drivers/sg1000a
/mame/drivers/stactics
/mame/drivers/stv
/mame/drivers/suprloco
/mame/drivers/system1
/mame/drivers/system16
/mame/drivers/timetrv
/mame/drivers/turbo
/mame/drivers/vicdual
/mame/drivers/zaxxon


@seibu
/mame/drivers/bloodbro
/mame/drivers/cabal
/mame/drivers/cshooter
/mame/drivers/dcon
/mame/drivers/deadang
/mame/drivers/dynduke
/mame/drivers/feversoc
/mame/drivers/goal92
/mame/drivers/goodejan
/mame/drivers/kncljoe
/mame/drivers/legionna
/mame/drivers/mustache
/mame/drivers/panicr
/mame/drivers/raiden
/mame/drivers/raiden2
/mame/drivers/r2dx_v33
/mame/drivers/seibuspi
/mame/drivers/sengokmj
/mame/drivers/stfight
/mame/drivers/toki
/mame/drivers/wiz

@seta
/mame/drivers/aleck64
/mame/drivers/hanaawas
/mame/drivers/jclub2
/mame/drivers/macs
/mame/drivers/seta
/mame/drivers/seta2
/mame/drivers/speedatk
/mame/drivers/speglsht
/mame/drivers/srmp2
/mame/drivers/srmp5
/mame/drivers/srmp6
/mame/drivers/ssv
/mame/drivers/st0016


@sigma
/mame/drivers/nyny
/mame/drivers/r2dtank
/mame/drivers/sigmab52
/mame/drivers/sigmab98
/mame/drivers/spiders
/mame/drivers/sub

@snk
/mame/drivers/bbusters
/mame/drivers/dmndrby
/mame/drivers/hng64
/mame/drivers/lasso
/mame/drivers/mainsnk
/mame/drivers/munchmo
/mame/drivers/prehisle
/mame/drivers/snk6502
/mame/drivers/snk
/mame/drivers/snk68

@sony
/mame/drivers/zn

@stern
/mame/drivers/astinvad
/mame/drivers/berzerk
/mame/drivers/cliffhgr
/mame/drivers/mazerbla
/mame/drivers/supdrapo

@subsino
/mame/drivers/lastfght
/mame/drivers/subsino
/mame/drivers/subsino2


@sun
/mame/drivers/arabian
/mame/drivers/dai3wksi
/mame/drivers/ikki
/mame/drivers/kangaroo
/mame/drivers/markham
/mame/drivers/route16
/mame/drivers/shanghai
/mame/drivers/shangha3
/mame/drivers/strnskil
/mame/drivers/tonton

@suna
/mame/drivers/go2000
/mame/drivers/goindol
/mame/drivers/suna8
/mame/drivers/suna16

@sure
/mame/drivers/mil4000


@taito
/mame/drivers/2mindril
/mame/drivers/40love
/mame/drivers/arkanoid
/mame/drivers/ashnojoe
/mame/drivers/asuka
/mame/drivers/bigevglf
/mame/drivers/bking
/mame/drivers/bublbobl
/mame/drivers/buggychl
/mame/drivers/cchance
/mame/drivers/chaknpop
/mame/drivers/champbwl
/mame/drivers/changela
/mame/drivers/crbaloon
/mame/drivers/cyclemb
/mame/drivers/darius
/mame/drivers/darkmist
/mame/drivers/exzisus
/mame/drivers/fgoal
/mame/drivers/flstory
/mame/drivers/galastrm
/mame/drivers/gladiatr
/mame/drivers/grchamp
/mame/drivers/groundfx
/mame/drivers/gsword
/mame/drivers/gunbustr
/mame/drivers/halleys
/mame/drivers/invqix
/mame/drivers/jollyjgr
/mame/drivers/ksayakyu
/mame/drivers/lgp
/mame/drivers/lkage
/mame/drivers/lsasquad
/mame/drivers/marinedt
/mame/drivers/mexico86
/mame/drivers/minivadr
/mame/drivers/missb2
/mame/drivers/mlanding
/mame/drivers/msisaac
/mame/drivers/ninjaw
/mame/drivers/nycaptor
/mame/drivers/opwolf
/mame/drivers/othunder
/mame/drivers/pitnrun
/mame/drivers/qix
/mame/drivers/rainbow
/mame/drivers/rastan
/mame/drivers/retofinv
/mame/drivers/rollrace
/mame/drivers/sbowling
/mame/drivers/slapshot
/mame/drivers/ssrj
/mame/drivers/superchs
/mame/drivers/superqix
/mame/drivers/taito_b
/mame/drivers/taito_f2
/mame/drivers/taito_f3
/mame/drivers/taito_h
/mame/drivers/taito_l
/mame/drivers/taito_x
/mame/drivers/taito_z
/mame/drivers/taito_o
/mame/drivers/taitoair
/mame/drivers/taitogn
/mame/drivers/taitojc
/mame/drivers/taitopjc
/mame/drivers/taitosj
/mame/drivers/taitotz
/mame/drivers/taitowlf
/mame/drivers/tnzs
/mame/drivers/topspeed
/mame/drivers/tsamurai
/mame/drivers/undrfire
/mame/drivers/volfied
/mame/drivers/warriorb
/mame/drivers/wgp


@tatsumi
/mame/drivers/kingdrby
/mame/drivers/lockon
/mame/drivers/tatsumi
/mame/drivers/tx1

@tch
/mame/drivers/kickgoal
/mame/drivers/littlerb
/mame/drivers/rltennis
/mame/drivers/speedspn
/mame/drivers/wheelfir

@tecfri
/mame/drivers/ambush
/mame/drivers/holeland
/mame/drivers/sauro
/mame/drivers/speedbal

@technos
/mame/drivers/battlane
/mame/drivers/blockout
/mame/drivers/bogeyman
/mame/drivers/chinagat
/mame/drivers/ddragon
/mame/drivers/ddragon3
/mame/drivers/dogfgt
/mame/drivers/matmania
/mame/drivers/mystston
/mame/drivers/renegade
/mame/drivers/scregg
/mame/drivers/shadfrce
/mame/drivers/spdodgeb
/mame/drivers/ssozumo
/mame/drivers/tagteam
/mame/drivers/vball
/mame/drivers/wwfsstar
/mame/drivers/wwfwfest
/mame/drivers/xain

@tehkan
/mame/drivers/bombjack
/mame/drivers/gaiden
/mame/drivers/lvcards
/mame/drivers/pbaction
/mame/drivers/senjyo
/mame/drivers/solomon
/mame/drivers/spbactn
/mame/drivers/tbowl
/mame/drivers/tecmo
/mame/drivers/tecmo16
/mame/drivers/tecmosys
/mame/drivers/tehkanwc
/mame/drivers/wc90
/mame/drivers/wc90b

@thepit
/mame/drivers/thepit
/mame/drivers/timelimt

@toaplan
/mame/drivers/mjsister
/mame/drivers/slapfght
/mame/drivers/snowbros
/mame/drivers/toaplan1
/mame/drivers/toaplan2
/mame/drivers/twincobr
/mame/drivers/wardner

@tong
/mame/drivers/beezer

@unico
/mame/drivers/drgnmst
/mame/drivers/silkroad
/mame/drivers/unico

@univers
/mame/drivers/cheekyms
/mame/drivers/cosmic
/mame/drivers/docastle
/mame/drivers/ladybug
/mame/drivers/mrdo
/mame/drivers/redclash
/mame/drivers/superdq

@upl
/mame/drivers/mouser
/mame/drivers/ninjakd2
/mame/drivers/nova2001
/mame/drivers/xxmissio

@valadon
/mame/drivers/bagman
/mame/drivers/tankbust

@veltmjr
/mame/drivers/cardline
/mame/drivers/witch

@venture
/mame/drivers/looping
/mame/drivers/spcforce
/mame/drivers/suprridr

@vsystem
/mame/drivers/aerofgt
/mame/drivers/crshrace
/mame/drivers/f1gp
/mame/drivers/fromance
/mame/drivers/fromanc2
/mame/drivers/gstriker
/mame/drivers/inufuku
/mame/drivers/ojankohs
/mame/drivers/pipedrm
/mame/drivers/rpunch
/mame/drivers/suprslam
/mame/drivers/tail2nos
/mame/drivers/taotaido
/mame/drivers/welltris

@yunsung
/mame/drivers/nmg5
/mame/drivers/paradise
/mame/drivers/yunsung8
/mame/drivers/yunsun16

@zaccaria
/mame/drivers/laserbat
/mame/drivers/seabattl
/mame/drivers/zac2650
/mame/drivers/zaccaria

@pinball
/mame/drivers/allied
/mame/drivers/alvg
/mame/drivers/atari_s1
/mame/drivers/atari_s2
/mame/drivers/bingo
/mame/drivers/by17
/mame/drivers/by35
/mame/drivers/by6803
/mame/drivers/by68701
/mame/drivers/byvid
/mame/drivers/capcom
/mame/drivers/de_2
/mame/drivers/de_3
/mame/drivers/de_3b
/mame/drivers/flicker
/mame/drivers/g627
/mame/drivers/gp_1
/mame/drivers/gp_2
/mame/drivers/gts1
/mame/drivers/gts3
/mame/drivers/gts80
/mame/drivers/gts80a
/mame/drivers/gts80b
/mame/drivers/hankin
/mame/drivers/icecold
/mame/drivers/inder
/mame/drivers/jeutel
/mame/drivers/jp
/mame/drivers/jvh
/mame/drivers/kissproto
/mame/drivers/ltd
/mame/drivers/micropin
/mame/drivers/mephisto
/mame/drivers/mrgame
/mame/drivers/nsm
/mame/drivers/peyper
/mame/drivers/play_1
/mame/drivers/play_2
/mame/drivers/play_3
/mame/drivers/play_5
/mame/drivers/rowamet
/mame/drivers/s11
/mame/drivers/s11a
/mame/drivers/s11b
/mame/drivers/s11c
/mame/drivers/s3
/mame/drivers/s4
/mame/drivers/s6
/mame/drivers/s6a
/mame/drivers/s7
/mame/drivers/s8
/mame/drivers/s9
/mame/drivers/sleic
/mame/drivers/spectra
/mame/drivers/spinb
/mame/drivers/st_mp100
/mame/drivers/st_mp200
/mame/drivers/taito
/mame/drivers/techno
/mame/drivers/vd
/mame/drivers/whitestar
/mame/drivers/white_mod
/mame/drivers/wico
/mame/drivers/wpc_95
/mame/drivers/wpc_an
/mame/drivers/wpc_dcs
/mame/drivers/wpc_dot
/mame/drivers/wpc_flip1
/mame/drivers/wpc_flip2
/mame/drivers/wpc_s
/mame/drivers/zac_1
/mame/drivers/zac_2
/mame/drivers/zac_proto

@misc
/mame/drivers/1945kiii
/mame/drivers/39in1
/mame/drivers/3do
/mame/drivers/3x3puzzl
/mame/drivers/4enraya
/mame/drivers/5clown
/mame/drivers/acefruit
/mame/drivers/aces1
/mame/drivers/acesp
/mame/drivers/adp
/mame/drivers/amaticmg
/mame/drivers/ampoker2
/mame/drivers/amspdwy
/mame/drivers/artmagic
/mame/drivers/astrafr
/mame/drivers/astrocorp
/mame/drivers/astropc
/mame/drivers/atronic
/mame/drivers/attckufo
/mame/drivers/avt
/mame/drivers/aztarac
/mame/drivers/beaminv
/mame/drivers/belatra
/mame/drivers/bgt
/mame/drivers/bingoman
/mame/drivers/bingor
/mame/drivers/blitz
/mame/drivers/blitz68k
/mame/drivers/buster
/mame/drivers/calomega
/mame/drivers/carrera
/mame/drivers/castle
/mame/drivers/cave
/mame/drivers/cb2001
/mame/drivers/cdi
/mame/drivers/cesclass
/mame/drivers/chance32
/mame/drivers/chsuper
/mame/drivers/cidelsa
/mame/drivers/coinmstr
/mame/drivers/coinmvga
/mame/drivers/comebaby
/mame/drivers/cupidon
/mame/drivers/bntyhunt
/mame/drivers/coolpool
/mame/drivers/corona
/mame/drivers/crystal
/mame/drivers/cubeqst
/mame/drivers/cybertnk
/mame/drivers/dcheese
/mame/drivers/dfruit
/mame/drivers/dgpix
/mame/drivers/discoboy
/mame/drivers/dominob
/mame/drivers/dorachan
/mame/drivers/dreamwld
/mame/drivers/dribling
/mame/drivers/drw80pkr
/mame/drivers/dwarfd
/mame/drivers/dynadice
/mame/drivers/ecoinfr
/mame/drivers/ecoinf1
/mame/drivers/ecoinf2
/mame/drivers/ecoinf3
/mame/drivers/epos
/mame/drivers/esd16
/mame/drivers/esh
/mame/drivers/esripsys
/mame/drivers/ettrivia
/mame/drivers/extrema
/mame/drivers/flipjack
/mame/drivers/flower
/mame/drivers/fortecar
/mame/drivers/fresh
/mame/drivers/freekick
/mame/drivers/funkball
/mame/drivers/gambl186
/mame/drivers/galaxi
/mame/drivers/galgame
/mame/drivers/gamecstl
/mame/drivers/gammagic
/mame/drivers/gamtor
/mame/drivers/gei
/mame/drivers/globalfr
/mame/drivers/globalvr
/mame/drivers/gluck2
/mame/drivers/goldngam
/mame/drivers/goldnpkr
/mame/drivers/good
/mame/drivers/gotcha
/mame/drivers/gstream
/mame/drivers/gumbo
/mame/drivers/gunpey
/mame/drivers/hazelgr
/mame/drivers/headonb
/mame/drivers/highvdeo
/mame/drivers/himesiki
/mame/drivers/hitpoker
/mame/drivers/homedata
/mame/drivers/hotblock
/mame/drivers/hotstuff
/mame/drivers/ichiban
/mame/drivers/imolagp
/mame/drivers/intrscti
/mame/drivers/istellar
/mame/drivers/itgambl2
/mame/drivers/itgambl3
/mame/drivers/itgamble
/mame/drivers/jackpool
/mame/drivers/jankenmn
/mame/drivers/jokrwild
/mame/drivers/jongkyo
/mame/drivers/jubilee
/mame/drivers/kas89
/mame/drivers/kingpin
/mame/drivers/koikoi
/mame/drivers/kurukuru
/mame/drivers/kyugo
/mame/drivers/ladyfrog
/mame/drivers/laserbas
/mame/drivers/lethalj
/mame/drivers/limenko
/mame/drivers/ltcasino
/mame/drivers/lucky74
/mame/drivers/luckgrln
/mame/drivers/magic10
/mame/drivers/magicard
/mame/drivers/magicfly
/mame/drivers/magictg
/mame/drivers/magtouch
/mame/drivers/majorpkr
/mame/drivers/malzak
/mame/drivers/manohman
/mame/drivers/mcatadv
/mame/drivers/meyc8080
/mame/drivers/meyc8088
/mame/drivers/micro3d
/mame/drivers/midas
/mame/drivers/miniboy7
/mame/drivers/mirax
/mame/drivers/mole
/mame/drivers/mosaic
/mame/drivers/mpu12wbk
/mame/drivers/mrjong
/mame/drivers/multfish
/mame/drivers/murogem
/mame/drivers/murogmbl
/mame/drivers/neoprint
/mame/drivers/neptunp2
/mame/drivers/news
/mame/drivers/nexus3d
/mame/drivers/norautp
/mame/drivers/nsmpoker
/mame/drivers/oneshot
/mame/drivers/onetwo
/mame/drivers/othello
/mame/drivers/othldrby
/mame/drivers/pachifev
/mame/drivers/pasha2
/mame/drivers/pass
/mame/drivers/peplus
/mame/drivers/photon
/mame/drivers/photon2
/mame/drivers/photoply
/mame/drivers/pinkiri8
/mame/drivers/pipeline
/mame/drivers/pkscram
/mame/drivers/pntnpuzl
/mame/drivers/policetr
/mame/drivers/polyplay
/mame/drivers/poker72
/mame/drivers/potgoldu
/mame/drivers/proconn
/mame/drivers/psattack
/mame/drivers/quizo
/mame/drivers/quizpun2
/mame/drivers/rbmk
/mame/drivers/rcorsair
/mame/drivers/re900
/mame/drivers/rgum
/mame/drivers/roul
/mame/drivers/savquest
/mame/drivers/sanremo
/mame/drivers/sfbonus
/mame/drivers/shangkid
/mame/drivers/skeetsht
/mame/drivers/skimaxx
/mame/drivers/skyarmy
/mame/drivers/skylncr
/mame/drivers/sliver
/mame/drivers/slotcarn
/mame/drivers/smsmcorp
/mame/drivers/sothello
/mame/drivers/splus
/mame/drivers/spool99
/mame/drivers/sprcros2
/mame/drivers/sshot
/mame/drivers/ssingles
/mame/drivers/sstrangr
/mame/drivers/statriv2
/mame/drivers/stellafr
/mame/drivers/stuntair
/mame/drivers/su2000
/mame/drivers/summit
/mame/drivers/sumt8035
/mame/drivers/supercrd
/mame/drivers/supertnk
/mame/drivers/superwng
/mame/drivers/tapatune
/mame/drivers/tattack
/mame/drivers/taxidriv
/mame/drivers/tcl
/mame/drivers/thayers
/mame/drivers/thedeep
/mame/drivers/tiamc1
/mame/drivers/tickee
/mame/drivers/tmspoker
/mame/drivers/truco
/mame/drivers/trucocl
/mame/drivers/trvmadns
/mame/drivers/trvquest
/mame/drivers/ttchamp
/mame/drivers/tugboat
/mame/drivers/umipoker
/mame/drivers/unkfr
/mame/drivers/unkhorse
/mame/drivers/usgames
/mame/drivers/vamphalf
/mame/drivers/vcombat
/mame/drivers/vectrex
/mame/drivers/videopkr
/mame/drivers/vlc
/mame/drivers/voyager
/mame/drivers/vp101
/mame/drivers/vpoker
/mame/drivers/vroulet
/mame/drivers/wildpkr
/mame/drivers/wms
/mame/drivers/xtom3d
/mame/drivers/xyonix
