# license:BSD-3-Clause
# copyright-holders:Curt Coder
# r6511 - Rockwell R6500/11 family, NMOS 6502 with the bitwise instructions
brk_imp     ora_idx     kil_non     slo_idx     nop_zpg     ora_zpg     asl_zpg     rmb_bzp     php_imp     ora_imm     asl_acc     anc_imm     nop_aba     ora_aba     asl_aba     bbr_zpb
bpl_rel     ora_idy     kil_non     slo_idy     nop_zpx     ora_zpx     asl_zpx     rmb_bzp     clc_imp     ora_aby     nop_imp     slo_aby     nop_abx     ora_abx     asl_abx     bbr_zpb
jsr_adr     and_idx     kil_non     rla_idx     bit_zpg     and_zpg     rol_zpg     rmb_bzp     plp_imp     and_imm     rol_acc     anc_imm     bit_aba     and_aba     rol_aba     bbr_zpb
bmi_rel     and_idy     kil_non     rla_idy     nop_zpx     and_zpx     rol_zpx     rmb_bzp     sec_imp     and_aby     nop_imp     rla_aby     nop_abx     and_abx     rol_abx     bbr_zpb
rti_imp     eor_idx     kil_non     sre_idx     nop_zpg     eor_zpg     lsr_zpg     rmb_bzp     pha_imp     eor_imm     lsr_acc     asr_imm     jmp_adr     eor_aba     lsr_aba     bbr_zpb
bvc_rel     eor_idy     kil_non     sre_idy     nop_zpx     eor_zpx     lsr_zpx     rmb_bzp     cli_imp     eor_aby     nop_imp     sre_aby     nop_abx     eor_abx     lsr_abx     bbr_zpb
rts_imp     adc_idx     kil_non     rra_idx     nop_zpg     adc_zpg     ror_zpg     rmb_bzp     pla_imp     adc_imm     ror_acc     arr_imm     jmp_ind     adc_aba     ror_aba     bbr_zpb
bvs_rel     adc_idy     kil_non     rra_idy     nop_zpx     adc_zpx     ror_zpx     rmb_bzp     sei_imp     adc_aby     nop_imp     rra_aby     nop_abx     adc_abx     ror_abx     bbr_zpb
nop_imm     sta_idx     nop_imm     sax_idx     sty_zpg     sta_zpg     stx_zpg     smb_bzp     dey_imp     nop_imm     txa_imp     ane_imm     sty_aba     sta_aba     stx_aba     bbs_zpb
bcc_rel     sta_idy     kil_non     sha_idy     sty_zpx     sta_zpx     stx_zpy     smb_bzp     tya_imp     sta_aby     txs_imp     shs_aby     shy_abx     sta_abx     shx_aby     bbs_zpb
ldy_imm     lda_idx     ldx_imm     lax_idx     ldy_zpg     lda_zpg     ldx_zpg     smb_bzp     tay_imp     lda_imm     tax_imp     lxa_imm     ldy_aba     lda_aba     ldx_aba     bbs_zpb
bcs_rel     lda_idy     kil_non     lax_idy     ldy_zpx     lda_zpx     ldx_zpy     smb_bzp     clv_imp     lda_aby     tsx_imp     las_aby     ldy_abx     lda_abx     ldx_aby     bbs_zpb
cpy_imm     cmp_idx     nop_imm     dcp_idx     cpy_zpg     cmp_zpg     dec_zpg     smb_bzp     iny_imp     cmp_imm     dex_imp     sbx_imm     cpy_aba     cmp_aba     dec_aba     bbs_zpb
bne_rel     cmp_idy     kil_non     dcp_idy     nop_zpx     cmp_zpx     dec_zpx     smb_bzp     cld_imp     cmp_aby     nop_imp     dcp_aby     nop_abx     cmp_abx     dec_abx     bbs_zpb
cpx_imm     sbc_idx     nop_imm     isb_idx     cpx_zpg     sbc_zpg     inc_zpg     smb_bzp     inx_imp     sbc_imm     nop_imp     sbc_imm     cpx_aba     sbc_aba     inc_aba     bbs_zpb
beq_rel     sbc_idy     kil_non     isb_idy     nop_zpx     sbc_zpx     inc_zpx     smb_bzp     sed_imp     sbc_aby     nop_imp     isb_aby     nop_abx     sbc_abx     inc_abx     bbs_zpb
reset
