# license:BSD-3-Clause
# copyright-holders:David Haywood
# XaviX (SSD 2000) - m6502 with custom opcodes
brk_xav_imp unh_imp     unh_imp     unh_imp     unh_imp     unh_imp     unh_imp     unh_imp     unh_imp     unh_imp     unh_imp     unh_imp     unh_imp     unh_imp     unh_imp     unh_imp
unh_imp     unh_imp     unh_imp     unh_imp     unh_imp     unh_imp     unh_imp     unh_imp     unh_imp     unh_imp     unh_imp     unh_imp     unh_imp     unh_imp     unh_imp     unh_imp
unh_imp     unh_imp     callf_xa3   unh_imp     unh_imp     unh_imp     unh_imp     unh_imp     unh_imp     unh_imp     unh_imp     unh_imp     unh_imp     unh_imp     unh_imp     unh_imp
unh_imp     unh_imp     unh_imp     unh_imp     unh_imp     unh_imp     unh_imp     unh_imp     unh_imp     unh_imp     unh_imp     unh_imp     unh_imp     unh_imp     unh_imp     unh_imp
rti_xav_imp unh_imp     unh_imp     unh_imp     unh_imp     unh_imp     unh_imp     unh_imp     unh_imp     unh_imp     unh_imp     unh_imp     unh_imp     unh_imp     unh_imp     unh_imp
unh_imp     unh_imp     unh_imp     unh_imp     unh_imp     unh_imp     unh_imp     unh_imp     unh_imp     unh_imp     unh_imp     unh_imp     unh_imp     unh_imp     unh_imp     unh_imp
unh_imp     unh_imp     unh_imp     unh_imp     unh_imp     unh_imp     unh_imp     unh_imp     unh_imp     unh_imp     unh_imp     unh_imp     unh_imp     unh_imp     unh_imp     unh_imp
unh_imp     unh_imp     unh_imp     unh_imp     unh_imp     unh_imp     unh_imp     unh_imp     unh_imp     unh_imp     unh_imp     unh_imp     unh_imp     unh_imp     unh_imp     unh_imp
retf_imp    unh_imp     unh_imp     unh_imp     unh_imp     unh_imp     unh_imp     unh_imp     unh_imp     unh_imp     unh_imp     unh_imp     unh_imp     unh_imp     unh_imp     unh_imp
unh_imp     unh_imp     unh_imp     unh_imp     unh_imp     unh_imp     unh_imp     unh_imp     unh_imp     unh_imp     unh_imp     unh_imp     unh_imp     unh_imp     unh_imp     unh_imp
unh_imp     unh_imp     unh_imp     unh_imp     unh_imp     unh_imp     unh_imp     unh_imp     unh_imp     unh_imp     unh_imp     unh_imp     unh_imp     unh_imp     unh_imp     unh_imp
unh_imp     unh_imp     unh_imp     unh_imp     unh_imp     unh_imp     unh_imp     unh_imp     unh_imp     unh_imp     unh_imp     unh_imp     unh_imp     unh_imp     unh_imp     unh_imp
unh_imp     unh_imp     unh_imp     unh_imp     unh_imp     unh_imp     unh_imp     unh_imp     unh_imp     unh_imp     unh_imp     unh_imp     unh_imp     unh_imp     unh_imp     unh_imp
unh_imp     unh_imp     unh_imp     unh_imp     unh_imp     unh_imp     unh_imp     unh_imp     unh_imp     unh_imp     unh_imp     unh_imp     unh_imp     unh_imp     unh_imp     unh_imp
unh_imp     unh_imp     unh_imp     unh_imp     unh_imp     unh_imp     unh_imp     unh_imp     unh_imp     unh_imp     unh_imp     unh_imp     unh_imp     unh_imp     unh_imp     unh_imp
unh_imp     unh_imp     unh_imp     unh_imp     unh_imp     unh_imp     unh_imp     unh_imp     unh_imp     unh_imp     unh_imp     unh_imp     unh_imp     unh_imp     unh_imp     unh_imp
reset
